Microchip MPLAB XC8 Compiler V1.34 ()

Linker command line:

--edf=C:\Program Files (x86)\Microchip\xc8\v1.34\dat\en_msgs.txt -cs \
  -h+dist/default/production\firmware.production.sym \
  --cmf=dist/default/production\firmware.production.cmf -z -Q16F690 \
  -oC:\Users\ryanca\AppData\Local\Temp\s7og.6 \
  -Mdist/default/production/firmware.production.map -E1 -ver=XC8 \
  -ASTACK=0A0h-0efh -pstack=STACK -ACODE=00h-07FFhx2 -ASTRCODE=00h-0FFFh \
  -ASTRING=00h-0FFhx16 -ACONST=00h-0FFhx16 -AENTRY=00h-0FFhx16 \
  -ACOMMON=070h-07Fh -ABANK0=020h-06Fh -ABANK1=0A0h-0EFh \
  -ABANK2=0120h-016Fh -ARAM=020h-06Fh,0A0h-0EFh,0120h-016Fh \
  -AABS1=020h-07Fh,0A0h-0EFh,0120h-016Fh -ASFR0=00h-01Fh -ASFR1=080h-09Fh \
  -ASFR2=0100h-011Fh -ASFR3=0180h-01EFh \
  -preset_vec=00h,intentry,init,end_init -ppowerup=CODE -pcinit=CODE \
  -pfunctab=CODE -ACONFIG=02007h-02007h -pconfig=CONFIG -DCONFIG=2 \
  -AIDLOC=02000h-02003h -pidloc=IDLOC -DIDLOC=2 -AEEDATA=00h-0FFh/02100h \
  -peeprom_data=EEDATA -DEEDATA=2 -DCODE=2 -DSTRCODE=2 -DSTRING=2 -DCONST=2 \
  -DENTRY=2 -k C:\Users\ryanca\AppData\Local\Temp\s7og.obj \
  dist/default/production\firmware.production.obj 

Object code version is 3.11

Machine type is 16F690



                Name                               Link     Load   Length Selector   Space Scale
C:\Users\ryanca\AppData\Local\Temp\s7og.obj
                end_init                              0        0        2        0       0
                config                             2007     2007        1     400E       0
dist/default/production\firmware.production.obj
                cinit                               7FC      7FC        4      FF8       0
                functab                             700      700        E        E       0
                text17                              53C      53C       43      A78       0
                text16                              7FB      7FB        1        E       0
                text15                              7EF      7EF        C        E       0
                text14                              4D0      4D0       36      9A0       0
                text13                              60C      60C       4A      C18       0
                text12                              484      484        E      908       0
                text11                              474      474        4      8E8       0
                text10                              5C3      5C3       49      B86       0
                text9                               492      492        F      924       0
                text8                               656      656       4E      CAC       0
                text7                               47C      47C        8      8F8       0
                text6                               478      478        4      8F0       0
                text5                               70E      70E       C9        E       0
                text4                               506      506       36      A0C       0
                text3                               57F      57F       44      AFE       0
                text2                               4A1      4A1       2F      942       0
                text1                               7D7      7D7       18        E       0
                maintext                            6A4      6A4       5C      D48       0
                cstackBANK0                          20       20       17       20       1
                cstackCOMMON                         70       70        E       70       1
                bssBANK0                             37       37        1       20       1

TOTAL           Name                               Link     Load   Length     Space
        CLASS   STACK          

        CLASS   CODE           
                end_init                              0        0        2         0
                cinit                               7FC      7FC        4         0
                functab                             700      700        E         0
                text17                              53C      53C       43         0
                text16                              7FB      7FB        1         0
                text15                              7EF      7EF        C         0
                text14                              4D0      4D0       36         0
                text13                              60C      60C       4A         0
                text12                              484      484        E         0
                text11                              474      474        4         0
                text10                              5C3      5C3       49         0
                text9                               492      492        F         0
                text8                               656      656       4E         0
                text7                               47C      47C        8         0
                text6                               478      478        4         0
                text5                               70E      70E       C9         0
                text4                               506      506       36         0
                text3                               57F      57F       44         0
                text2                               4A1      4A1       2F         0
                text1                               7D7      7D7       18         0
                maintext                            6A4      6A4       5C         0

        CLASS   STRCODE        

        CLASS   STRING         

        CLASS   CONST          

        CLASS   ENTRY          

        CLASS   COMMON         
                cstackCOMMON                         70       70        E         1

        CLASS   BANK0          
                cstackBANK0                          20       20       17         1
                bssBANK0                             37       37        1         1

        CLASS   BANK1          

        CLASS   BANK2          

        CLASS   RAM            

        CLASS   ABS1           
                abs_s1                               7E       7E        2         1

        CLASS   SFR0           

        CLASS   SFR1           

        CLASS   SFR2           

        CLASS   SFR3           

        CLASS   CONFIG         
                config                             2007     2007        1         0

        CLASS   IDLOC          

        CLASS   EEDATA         

        CLASS   BANK3          



SEGMENTS        Name                           Load    Length   Top    Selector   Space  Class     Delta

                reset_vec                      000000  000002  000002         0       0  CODE        2
                cstackBANK0                    000020  000018  000038        20       1  BANK0       1
                cstackCOMMON                   000070  00000E  00007E        70       1  COMMON      1
                text11                         000474  000004  000478       8E8       0  CODE        2
                text6                          000478  000004  00047C       8F0       0  CODE        2
                text7                          00047C  000008  000484       8F8       0  CODE        2
                text12                         000484  00000E  000492       908       0  CODE        2
                text9                          000492  00000F  0004A1       924       0  CODE        2
                text2                          0004A1  00002F  0004D0       942       0  CODE        2
                text14                         0004D0  000036  000506       9A0       0  CODE        2
                text4                          000506  000036  00053C       A0C       0  CODE        2
                text17                         00053C  000043  00057F       A78       0  CODE        2
                text3                          00057F  000044  0005C3       AFE       0  CODE        2
                text10                         0005C3  000049  00060C       B86       0  CODE        2
                text13                         00060C  00004A  000656       C18       0  CODE        2
                text8                          000656  00004E  0006A4       CAC       0  CODE        2
                maintext                       0006A4  00005C  000700       D48       0  CODE        2
                functab                        000700  0000FC  0007FC         E       0  CODE        2
                cinit                          0007FC  000004  000800       FF8       0  CODE        2
                config                         002007  000001  002008      400E       0  CONFIG      2


UNUSED ADDRESS RANGES

        Name                Unused          Largest block    Delta
        BANK0            0038-006F             38           1
        BANK1            00A0-00EF             50           1
        BANK2            0120-016F             50           1
        CODE             0002-0473            472           2
                         0800-0FFF            800
        CONST            0002-0473            100           2
                         0800-0FFF            100
        EEDATA           2100-21FF            100           2
        ENTRY            0002-0473            100           2
                         0800-0FFF            100
        IDLOC            2000-2003              4           2
        RAM              0038-006F             38           1
                         00A0-00EF             50
                         0120-016F             50
        SFR0             0000-001F             20           1
        SFR1             0080-009F             20           1
        SFR2             0100-011F             20           1
        SFR3             0180-01EF             70           1
        STACK            00A0-00EF             50           1
        STRCODE          0002-0473            472           2
                         0800-0FFF            800
        STRING           0002-0473            100           2
                         0800-0FFF            100

                                  Symbol Table

_ANSEL                               (abs)        011E
_ANSELH                              (abs)        011F
_IRCF0                               (abs)        047C
_IRCF1                               (abs)        047D
_IRCF2                               (abs)        047E
_OPTION_REG                          (abs)        0081
_PSA                                 (abs)        040B
_RA0                                 (abs)        0028
_RA1                                 (abs)        0029
_RA4                                 (abs)        002C
_RA5                                 (abs)        002D
_RB4                                 (abs)        0034
_RB5                                 (abs)        0035
_RB6                                 (abs)        0036
_RB7                                 (abs)        0037
_RC0                                 (abs)        0038
_RC1                                 (abs)        0039
_RC3                                 (abs)        003B
_RC4                                 (abs)        003C
_RC5                                 (abs)        003D
_RC6                                 (abs)        003E
_RC7                                 (abs)        003F
_TMR0                                (abs)        0001
_TRISA0                              (abs)        0428
_TRISA1                              (abs)        0429
_TRISA4                              (abs)        042C
_TRISA5                              (abs)        042D
_TRISB4                              (abs)        0434
_TRISB5                              (abs)        0435
_TRISB6                              (abs)        0436
_TRISB7                              (abs)        0437
_TRISC0                              (abs)        0438
_TRISC1                              (abs)        0439
_TRISC3                              (abs)        043B
_TRISC4                              (abs)        043C
_TRISC5                              (abs)        043D
_TRISC6                              (abs)        043E
_TRISC7                              (abs)        043F
_WPUA                                (abs)        0095
_WPUB                                (abs)        0115
__CFG_BOREN$ON                       (abs)        0000
__CFG_CP$OFF                         (abs)        0000
__CFG_CPD$OFF                        (abs)        0000
__CFG_FCMEN$OFF                      (abs)        0000
__CFG_FOSC$INTRCIO                   (abs)        0000
__CFG_IESO$ON                        (abs)        0000
__CFG_MCLRE$OFF                      (abs)        0000
__CFG_PWRTE$OFF                      (abs)        0000
__CFG_WDTE$OFF                       (abs)        0000
__Habs1                              abs1         0000
__Hbank0                             bank0        0000
__Hbank1                             bank1        0000
__Hbank2                             bank2        0000
__Hbank3                             bank3        0000
__HbssBANK0                          bssBANK0     0000
__Hcinit                             cinit        0800
__Hclrtext                           clrtext      0000
__Hcode                              code         0000
__Hcommon                            common       0000
__Hconfig                            config       2008
__HcstackBANK0                       cstackBANK0  0000
__HcstackCOMMON                      cstackCOMMON 0000
__Heeprom_data                       eeprom_data  0000
__Hend_init                          end_init     0002
__Hfunctab                           functab      070E
__Hidloc                             idloc        0000
__Hinit                              init         0000
__Hintentry                          intentry     0000
__Hmaintext                          maintext     0000
__Hpowerup                           powerup      0000
__Hram                               ram          0000
__Hreset_vec                         reset_vec    0000
__Hsfr0                              sfr0         0000
__Hsfr1                              sfr1         0000
__Hsfr2                              sfr2         0000
__Hsfr3                              sfr3         0000
__Hspace_0                           (abs)        2008
__Hspace_1                           (abs)        007E
__Hspace_2                           (abs)        0000
__Hspace_3                           (abs)        0000
__Hstack                             stack        0000
__Hstrings                           strings      0000
__Htext                              text         0000
__Labs1                              abs1         0000
__Lbank0                             bank0        0000
__Lbank1                             bank1        0000
__Lbank2                             bank2        0000
__Lbank3                             bank3        0000
__LbssBANK0                          bssBANK0     0000
__Lcinit                             cinit        07FC
__Lclrtext                           clrtext      0000
__Lcode                              code         0000
__Lcommon                            common       0000
__Lconfig                            config       2007
__LcstackBANK0                       cstackBANK0  0000
__LcstackCOMMON                      cstackCOMMON 0000
__Leeprom_data                       eeprom_data  0000
__Lend_init                          end_init     0000
__Lfunctab                           functab      0700
__Lidloc                             idloc        0000
__Linit                              init         0000
__Lintentry                          intentry     0000
__Lmaintext                          maintext     0000
__Lpowerup                           powerup      0000
__Lram                               ram          0000
__Lreset_vec                         reset_vec    0000
__Lsfr0                              sfr0         0000
__Lsfr1                              sfr1         0000
__Lsfr2                              sfr2         0000
__Lsfr3                              sfr3         0000
__Lspace_0                           (abs)        0000
__Lspace_1                           (abs)        0000
__Lspace_2                           (abs)        0000
__Lspace_3                           (abs)        0000
__Lstack                             stack        0000
__Lstrings                           strings      0000
__Ltext                              text         0000
__S0                                 (abs)        2008
__S1                                 (abs)        007E
__S2                                 (abs)        0000
__S3                                 (abs)        0000
___int_sp                            stack        0000
___latbits                           (abs)        0001
___sp                                stack        0000
__end_of__fptable                    functab      070E
__end_of__initialization             cinit        07FD
__end_of_clock_test                  text10       060C
__end_of_diagnose_buttons            text3        05C3
__end_of_diagnose_lights             text2        04D0
__end_of_flash                       text17       057F
__end_of_flash_all                   text15       07FB
__end_of_flash_dip_and_buttons       text13       0656
__end_of_flash_halfHours             text14       0506
__end_of_for_entire_bounce           text9        04A1
__end_of_for_entire_halfsecond       text7        0484
__end_of_main                        maintext     0700
__end_of_motor_full_up               text8        06A4
__end_of_nop                         text16       07FC
__end_of_run_cycle                   text5        07D7
__end_of_setup                       text4        053C
__end_of_until_next_halfsecond       text12       0492
__end_of_wait_entire_halfsecond      text6        047C
__end_of_wait_until_next_halfsecond  text11       0478
__end_of_wakeup                      text1        07EF
__fptable                            functab      0700
__initialization                     cinit        07FC
__pbssBANK0                          bssBANK0     0037
__pcstackBANK0                       cstackBANK0  0020
__pcstackCOMMON                      cstackCOMMON 0070
__pfunctab                           functab      0700
__pmaintext                          maintext     06A4
__ptext0                             text0        0000
__ptext1                             text1        07D7
__ptext10                            text10       05C3
__ptext11                            text11       0474
__ptext12                            text12       0484
__ptext13                            text13       060C
__ptext14                            text14       04D0
__ptext15                            text15       07EF
__ptext16                            text16       07FB
__ptext17                            text17       053C
__ptext2                             text2        04A1
__ptext3                             text3        057F
__ptext4                             text4        0506
__ptext5                             text5        070E
__ptext6                             text6        0478
__ptext7                             text7        047C
__ptext8                             text8        0656
__ptext9                             text9        0492
__size_of__fptable                   (abs)        0000
__size_of_clock_test                 (abs)        0000
__size_of_diagnose_buttons           (abs)        0000
__size_of_diagnose_lights            (abs)        0000
__size_of_flash                      (abs)        0000
__size_of_flash_all                  (abs)        0000
__size_of_flash_dip_and_buttons      (abs)        0000
__size_of_flash_halfHours            (abs)        0000
__size_of_for_entire_bounce          (abs)        0000
__size_of_for_entire_halfsecond      (abs)        0000
__size_of_main                       (abs)        0000
__size_of_motor_full_up              (abs)        0000
__size_of_nop                        (abs)        0000
__size_of_run_cycle                  (abs)        0000
__size_of_setup                      (abs)        0000
__size_of_until_next_halfsecond      (abs)        0000
__size_of_wait_entire_halfsecond     (abs)        0000
__size_of_wait_until_next_halfsecond (abs)        0000
__size_of_wakeup                     (abs)        0000
_clock_test                          text10       05C3
_diagnose_buttons                    text3        057F
_diagnose_lights                     text2        04A1
_flash                               text17       053C
_flash_all                           text15       07EF
_flash_dip_and_buttons               text13       060C
_flash_halfHours                     text14       04D0
_for_entire_bounce                   text9        0492
_for_entire_halfsecond               text7        047C
_halfHours                           bssBANK0     0037
_main                                maintext     06A4
_motor_full_up                       text8        0656
_nop                                 text16       07FB
_run_cycle                           text5        070E
_setup                               text4        0506
_until_next_halfsecond               text12       0484
_wait_entire_halfsecond              text6        0478
_wait_until_next_halfsecond          text11       0474
_wakeup                              text1        07D7
btemp                                (abs)        007E
clock_test@a                         cstackBANK0  0023
clock_test@b                         cstackBANK0  0024
clock_test@c                         cstackBANK0  0025
clock_test@d                         cstackBANK0  0026
clock_test@i                         cstackBANK0  0027
diagnose_lights@i                    cstackBANK0  0022
end_of_initialization                cinit        07FD
entry__flash_halfHours               functab      070A
flash@t1                             cstackCOMMON 0074
flash@t2                             cstackCOMMON 0070
flash@t3                             cstackCOMMON 0071
flash@t4                             cstackCOMMON 0072
flash@t5                             cstackCOMMON 0073
for_entire_bounce@func               cstackCOMMON 007D
for_entire_halfsecond@func           cstackBANK0  0020
fpbase                               functab      0705
fptable                              functab      0700
fptotal                              (abs)        000C
intlevel0                            functab      0700
intlevel1                            functab      0700
intlevel2                            functab      0700
intlevel3                            functab      0700
intlevel4                            functab      0700
intlevel5                            functab      0700
ltemp                                (abs)        007E
ltemp0                               (abs)        007E
ltemp1                               (abs)        0082
ltemp2                               (abs)        0086
ltemp3                               (abs)        0080
main@dipValue                        cstackBANK0  0035
main@i                               cstackBANK0  0036
motor_full_up@cycles                 cstackBANK0  0024
motor_full_up@i                      cstackBANK0  0025
reset_vec                            reset_vec    0000
run_cycle@halfSecondCounter          cstackBANK0  002A
run_cycle@i                          cstackBANK0  002C
run_cycle@idle                       cstackBANK0  0027
run_cycle@idleCounter                cstackBANK0  0029
run_cycle@minutesCounter             cstackBANK0  0028
run_cycle@shouldBreak                cstackBANK0  002B
stackhi                              (abs)        0000
stacklo                              (abs)        0000
start                                init         0000
start_initialization                 cinit        07FC
ttemp                                (abs)        007E
ttemp0                               (abs)        007E
ttemp1                               (abs)        0081
ttemp2                               (abs)        0084
ttemp3                               (abs)        0087
ttemp4                               (abs)        007F
until_next_halfsecond@func           cstackCOMMON 007D
wakeup@i                             cstackBANK0  0024
wtemp                                (abs)        007E
wtemp0                               (abs)        007E
wtemp1                               (abs)        0080
wtemp2                               (abs)        0082
wtemp3                               (abs)        0084
wtemp4                               (abs)        0086
wtemp5                               (abs)        0088
wtemp6                               (abs)        007F


FUNCTION INFORMATION:

 *************** function _main *****************
 Defined at:
		line 358 in file "main.c"
 Parameters:    Size  Location     Type
  argc            2   13[BANK0 ] int 
  argv            2   15[BANK0 ] PTR PTR unsigned char 
 Auto vars:     Size  Location     Type
  i               1   22[BANK0 ] unsigned char 
  dipValue        1   21[BANK0 ] unsigned char 
 Return value:  Size  Location     Type
                  2   13[BANK0 ] int 
 Registers used:
		wreg, status,2, status,0, pclath, cstack
 Tracked objects:
		On entry : 
		On exit  : 
		Unchanged: 
 Data sizes:     COMMON   BANK0   BANK1   BANK2
      Params:         0       4       0       0
      Locals:         0       2       0       0
      Temps:          0       4       0       0
      Totals:         0      10       0       0
Total ram usage:       10 bytes
 Hardware stack levels required when called:    7
 This function calls:
		_clock_test
		_for_entire_halfsecond
		_run_cycle
		_setup
		_wakeup
 This function is called by:
		Startup code after reset
 This function uses a non-reentrant model


 *************** function _wakeup *****************
 Defined at:
		line 177 in file "main.c"
 Parameters:    Size  Location     Type
		None
 Auto vars:     Size  Location     Type
  i               1    4[BANK0 ] unsigned char 
 Return value:  Size  Location     Type
		None               void
 Registers used:
		wreg, status,2, status,0, pclath, cstack
 Tracked objects:
		On entry : 
		On exit  : 
		Unchanged: 
 Data sizes:     COMMON   BANK0   BANK1   BANK2
      Params:         0       0       0       0
      Locals:         0       1       0       0
      Temps:          0       1       0       0
      Totals:         0       2       0       0
Total ram usage:        2 bytes
 Hardware stack levels used:    1
 Hardware stack levels required when called:    6
 This function calls:
		_diagnose_buttons
		_diagnose_lights
		_for_entire_halfsecond
 This function is called by:
		_main
 This function uses a non-reentrant model


 *************** function _diagnose_lights *****************
 Defined at:
		line 163 in file "main.c"
 Parameters:    Size  Location     Type
		None
 Auto vars:     Size  Location     Type
  i               1    2[BANK0 ] unsigned char 
 Return value:  Size  Location     Type
		None               void
 Registers used:
		wreg, status,2, status,0, pclath, cstack
 Tracked objects:
		On entry : 
		On exit  : 
		Unchanged: 
 Data sizes:     COMMON   BANK0   BANK1   BANK2
      Params:         0       0       0       0
      Locals:         0       1       0       0
      Temps:          0       1       0       0
      Totals:         0       2       0       0
Total ram usage:        2 bytes
 Hardware stack levels used:    1
 Hardware stack levels required when called:    5
 This function calls:
		_wait_entire_halfsecond
 This function is called by:
		_wakeup
 This function uses a non-reentrant model


 *************** function _diagnose_buttons *****************
 Defined at:
		line 155 in file "main.c"
 Parameters:    Size  Location     Type
		None
 Auto vars:     Size  Location     Type
		None
 Return value:  Size  Location     Type
		None               void
 Registers used:
		wreg, status,2, status,0, pclath, cstack
 Tracked objects:
		On entry : 
		On exit  : 
		Unchanged: 
 Data sizes:     COMMON   BANK0   BANK1   BANK2
      Params:         0       0       0       0
      Locals:         0       0       0       0
      Temps:          0       0       0       0
      Totals:         0       0       0       0
Total ram usage:        0 bytes
 Hardware stack levels used:    1
 Hardware stack levels required when called:    5
 This function calls:
		_wait_entire_halfsecond
 This function is called by:
		_wakeup
 This function uses a non-reentrant model


 *************** function _setup *****************
 Defined at:
		line 190 in file "main.c"
 Parameters:    Size  Location     Type
		None
 Auto vars:     Size  Location     Type
		None
 Return value:  Size  Location     Type
		None               void
 Registers used:
		wreg, status,2
 Tracked objects:
		On entry : 
		On exit  : 
		Unchanged: 
 Data sizes:     COMMON   BANK0   BANK1   BANK2
      Params:         0       0       0       0
      Locals:         0       0       0       0
      Temps:          0       0       0       0
      Totals:         0       0       0       0
Total ram usage:        0 bytes
 Hardware stack levels used:    1
 This function calls:
		Nothing
 This function is called by:
		_main
 This function uses a non-reentrant model


 *************** function _run_cycle *****************
 Defined at:
		line 249 in file "main.c"
 Parameters:    Size  Location     Type
		None
 Auto vars:     Size  Location     Type
  i               1   12[BANK0 ] unsigned char 
  shouldBreak     1   11[BANK0 ] unsigned char 
  halfSecondCo    1   10[BANK0 ] unsigned char 
  idleCounter     1    9[BANK0 ] unsigned char 
  minutesCount    1    8[BANK0 ] unsigned char 
  idle            1    7[BANK0 ] unsigned char 
 Return value:  Size  Location     Type
		None               void
 Registers used:
		wreg, status,2, status,0, pclath, cstack
 Tracked objects:
		On entry : 
		On exit  : 
		Unchanged: 
 Data sizes:     COMMON   BANK0   BANK1   BANK2
      Params:         0       0       0       0
      Locals:         0       6       0       0
      Temps:          0       1       0       0
      Totals:         0       7       0       0
Total ram usage:        7 bytes
 Hardware stack levels used:    1
 Hardware stack levels required when called:    5
 This function calls:
		_flash_halfHours
		_for_entire_bounce
		_for_entire_halfsecond
		_motor_full_up
		_wait_entire_halfsecond
 This function is called by:
		_main
 This function uses a non-reentrant model


 *************** function _wait_entire_halfsecond *****************
 Defined at:
		line 107 in file "main.c"
 Parameters:    Size  Location     Type
		None
 Auto vars:     Size  Location     Type
		None
 Return value:  Size  Location     Type
		None               void
 Registers used:
		wreg, status,2, status,0, pclath, cstack
 Tracked objects:
		On entry : 
		On exit  : 
		Unchanged: 
 Data sizes:     COMMON   BANK0   BANK1   BANK2
      Params:         0       0       0       0
      Locals:         0       0       0       0
      Temps:          0       0       0       0
      Totals:         0       0       0       0
Total ram usage:        0 bytes
 Hardware stack levels used:    1
 Hardware stack levels required when called:    4
 This function calls:
		_for_entire_halfsecond
 This function is called by:
		_diagnose_buttons
		_diagnose_lights
		_run_cycle
 This function uses a non-reentrant model


 *************** function _for_entire_halfsecond *****************
 Defined at:
		line 95 in file "main.c"
 Parameters:    Size  Location     Type
  func            1    wreg     PTR FTN()void 
		 -> flash_dip_and_buttons(0), flash_halfHours(0), flash_all(0), nop(0), 
 Auto vars:     Size  Location     Type
  func            1    0[BANK0 ] PTR FTN()void 
		 -> flash_dip_and_buttons(0), flash_halfHours(0), flash_all(0), nop(0), 
 Return value:  Size  Location     Type
		None               void
 Registers used:
		wreg, status,2, status,0, pclath, cstack
 Tracked objects:
		On entry : 
		On exit  : 
		Unchanged: 
 Data sizes:     COMMON   BANK0   BANK1   BANK2
      Params:         0       0       0       0
      Locals:         0       1       0       0
      Temps:          0       0       0       0
      Totals:         0       1       0       0
Total ram usage:        1 bytes
 Hardware stack levels used:    1
 Hardware stack levels required when called:    3
 This function calls:
		_until_next_halfsecond
 This function is called by:
		_wait_entire_halfsecond
		_wakeup
		_run_cycle
		_main
		_display_halfHours_for_halfsecond
 This function uses a non-reentrant model


 *************** function _motor_full_up *****************
 Defined at:
		line 231 in file "main.c"
 Parameters:    Size  Location     Type
		None
 Auto vars:     Size  Location     Type
  i               1    5[BANK0 ] unsigned char 
  cycles          1    4[BANK0 ] unsigned char 
 Return value:  Size  Location     Type
		None               void
 Registers used:
		wreg, status,2, status,0, pclath, cstack
 Tracked objects:
		On entry : 
		On exit  : 
		Unchanged: 
 Data sizes:     COMMON   BANK0   BANK1   BANK2
      Params:         0       0       0       0
      Locals:         0       2       0       0
      Temps:          0       4       0       0
      Totals:         0       6       0       0
Total ram usage:        6 bytes
 Hardware stack levels used:    1
 Hardware stack levels required when called:    4
 This function calls:
		_wait_until_next_halfsecond
 This function is called by:
		_run_cycle
 This function uses a non-reentrant model


 *************** function _for_entire_bounce *****************
 Defined at:
		line 100 in file "main.c"
 Parameters:    Size  Location     Type
  func            1    wreg     PTR FTN()void 
		 -> flash_halfHours(0), 
 Auto vars:     Size  Location     Type
  func            1   13[COMMON] PTR FTN()void 
		 -> flash_halfHours(0), 
 Return value:  Size  Location     Type
		None               void
 Registers used:
		wreg, status,2, status,0, pclath, cstack
 Tracked objects:
		On entry : 
		On exit  : 
		Unchanged: 
 Data sizes:     COMMON   BANK0   BANK1   BANK2
      Params:         0       0       0       0
      Locals:         1       0       0       0
      Temps:          0       0       0       0
      Totals:         1       0       0       0
Total ram usage:        1 bytes
 Hardware stack levels used:    1
 Hardware stack levels required when called:    2
 This function calls:
		_flash_halfHours
 This function is called by:
		_run_cycle
 This function uses a non-reentrant model


 *************** function _clock_test *****************
 Defined at:
		line 344 in file "main.c"
 Parameters:    Size  Location     Type
		None
 Auto vars:     Size  Location     Type
  i               1    7[BANK0 ] unsigned char 
  d               1    6[BANK0 ] unsigned char 
  c               1    5[BANK0 ] unsigned char 
  b               1    4[BANK0 ] unsigned char 
  a               1    3[BANK0 ] unsigned char 
 Return value:  Size  Location     Type
		None               void
 Registers used:
		wreg, status,2, status,0, pclath, cstack
 Tracked objects:
		On entry : 
		On exit  : 
		Unchanged: 
 Data sizes:     COMMON   BANK0   BANK1   BANK2
      Params:         0       0       0       0
      Locals:         0       5       0       0
      Temps:          0       3       0       0
      Totals:         0       8       0       0
Total ram usage:        8 bytes
 Hardware stack levels used:    1
 Hardware stack levels required when called:    4
 This function calls:
		_flash
		_wait_until_next_halfsecond
 This function is called by:
		_main
 This function uses a non-reentrant model


 *************** function _wait_until_next_halfsecond *****************
 Defined at:
		line 111 in file "main.c"
 Parameters:    Size  Location     Type
		None
 Auto vars:     Size  Location     Type
		None
 Return value:  Size  Location     Type
		None               void
 Registers used:
		wreg, status,2, status,0, pclath, cstack
 Tracked objects:
		On entry : 
		On exit  : 
		Unchanged: 
 Data sizes:     COMMON   BANK0   BANK1   BANK2
      Params:         0       0       0       0
      Locals:         0       0       0       0
      Temps:          0       0       0       0
      Totals:         0       0       0       0
Total ram usage:        0 bytes
 Hardware stack levels used:    1
 Hardware stack levels required when called:    3
 This function calls:
		_until_next_halfsecond
 This function is called by:
		_motor_full_up
		_clock_test
 This function uses a non-reentrant model


 *************** function _until_next_halfsecond *****************
 Defined at:
		line 88 in file "main.c"
 Parameters:    Size  Location     Type
  func            1    wreg     PTR FTN()void 
		 -> flash_dip_and_buttons(0), flash_halfHours(0), flash_all(0), nop(0), 
 Auto vars:     Size  Location     Type
  func            1   13[COMMON] PTR FTN()void 
		 -> flash_dip_and_buttons(0), flash_halfHours(0), flash_all(0), nop(0), 
 Return value:  Size  Location     Type
		None               void
 Registers used:
		wreg, status,2, status,0, pclath, cstack
 Tracked objects:
		On entry : 
		On exit  : 
		Unchanged: 
 Data sizes:     COMMON   BANK0   BANK1   BANK2
      Params:         0       0       0       0
      Locals:         1       0       0       0
      Temps:          0       0       0       0
      Totals:         1       0       0       0
Total ram usage:        1 bytes
 Hardware stack levels used:    1
 Hardware stack levels required when called:    2
 This function calls:
		_flash_all
		_flash_dip_and_buttons
		_flash_halfHours
		_nop
 This function is called by:
		_for_entire_halfsecond
		_wait_until_next_halfsecond
 This function uses a non-reentrant model


 *************** function _flash_dip_and_buttons *****************
 Defined at:
		line 145 in file "main.c"
 Parameters:    Size  Location     Type
		None
 Auto vars:     Size  Location     Type
		None
 Return value:  Size  Location     Type
		None               void
 Registers used:
		wreg, status,2, status,0, pclath, cstack
 Tracked objects:
		On entry : 
		On exit  : 
		Unchanged: 
 Data sizes:     COMMON   BANK0   BANK1   BANK2
      Params:         0       0       0       0
      Locals:         0       0       0       0
      Temps:          0       0       0       0
      Totals:         0       0       0       0
Total ram usage:        0 bytes
 Hardware stack levels used:    1
 Hardware stack levels required when called:    1
 This function calls:
		_flash
 This function is called by:
		_wakeup
		_main
		_until_next_halfsecond
 This function uses a non-reentrant model


 *************** function _flash_halfHours *****************
 Defined at:
		line 131 in file "main.c"
 Parameters:    Size  Location     Type
		None
 Auto vars:     Size  Location     Type
		None
 Return value:  Size  Location     Type
		None               void
 Registers used:
		wreg, status,2, status,0, pclath, cstack
 Tracked objects:
		On entry : 
		On exit  : 
		Unchanged: 
 Data sizes:     COMMON   BANK0   BANK1   BANK2
      Params:         0       0       0       0
      Locals:         0       0       0       0
      Temps:          8       0       0       0
      Totals:         8       0       0       0
Total ram usage:        8 bytes
 Hardware stack levels used:    1
 Hardware stack levels required when called:    1
 This function calls:
		_flash
 This function is called by:
		_run_cycle
		_display_halfHours_for_halfsecond
		_until_next_halfsecond
		_for_entire_bounce
 This function uses a non-reentrant model


 *************** function _flash_all *****************
 Defined at:
		line 125 in file "main.c"
 Parameters:    Size  Location     Type
		None
 Auto vars:     Size  Location     Type
		None
 Return value:  Size  Location     Type
		None               void
 Registers used:
		wreg, status,2, status,0, pclath, cstack
 Tracked objects:
		On entry : 
		On exit  : 
		Unchanged: 
 Data sizes:     COMMON   BANK0   BANK1   BANK2
      Params:         0       0       0       0
      Locals:         0       0       0       0
      Temps:          0       0       0       0
      Totals:         0       0       0       0
Total ram usage:        0 bytes
 Hardware stack levels used:    1
 Hardware stack levels required when called:    1
 This function calls:
		_flash
 This function is called by:
		_run_cycle
		_until_next_halfsecond
 This function uses a non-reentrant model


 *************** function _nop *****************
 Defined at:
		line 86 in file "main.c"
 Parameters:    Size  Location     Type
		None
 Auto vars:     Size  Location     Type
		None
 Return value:  Size  Location     Type
		None               void
 Registers used:
		None
 Tracked objects:
		On entry : 
		On exit  : 
		Unchanged: 
 Data sizes:     COMMON   BANK0   BANK1   BANK2
      Params:         0       0       0       0
      Locals:         0       0       0       0
      Temps:          0       0       0       0
      Totals:         0       0       0       0
Total ram usage:        0 bytes
 Hardware stack levels used:    1
 This function calls:
		Nothing
 This function is called by:
		_wait_entire_halfsecond
		_wait_until_next_halfsecond
		_until_next_halfsecond
 This function uses a non-reentrant model


 *************** function _flash *****************
 Defined at:
		line 116 in file "main.c"
 Parameters:    Size  Location     Type
  t1              1    wreg     unsigned char 
  t2              1    0[COMMON] unsigned char 
  t3              1    1[COMMON] unsigned char 
  t4              1    2[COMMON] unsigned char 
  t5              1    3[COMMON] unsigned char 
 Auto vars:     Size  Location     Type
  t1              1    4[COMMON] unsigned char 
 Return value:  Size  Location     Type
		None               void
 Registers used:
		wreg
 Tracked objects:
		On entry : 
		On exit  : 
		Unchanged: 
 Data sizes:     COMMON   BANK0   BANK1   BANK2
      Params:         4       0       0       0
      Locals:         1       0       0       0
      Temps:          0       0       0       0
      Totals:         5       0       0       0
Total ram usage:        5 bytes
 Hardware stack levels used:    1
 This function calls:
		Nothing
 This function is called by:
		_flash_all
		_flash_halfHours
		_flash_dip_and_buttons
		_clock_test
 This function uses a non-reentrant model



MODULE INFORMATION

Module		Function		Class		Link	Load	Size
shared
		__initializatio		CODE           	07FC	0000	2
		__fptable      		CODE           	0700	0000	15

shared estimated size: 17

main.c
		_diagnose_light		CODE           	04A1	0000	48
		_flash_halfHour		CODE           	04D0	0000	55
		_main          		CODE           	06A4	0000	93
		_wait_entire_ha		CODE           	0478	0000	5
		_wakeup        		CODE           	07D7	0000	25
		_flash         		CODE           	053C	0000	68
		_nop           		CODE           	07FB	0000	2
		_for_entire_hal		CODE           	047C	0000	9
		_until_next_hal		CODE           	0484	0000	15
		_run_cycle     		CODE           	070E	0000	202
		_wait_until_nex		CODE           	0474	0000	5
		_clock_test    		CODE           	05C3	0000	74
		_motor_full_up 		CODE           	0656	0000	79
		_setup         		CODE           	0506	0000	55
		_flash_dip_and_		CODE           	060C	0000	75
		_for_entire_bou		CODE           	0492	0000	16
		_flash_all     		CODE           	07EF	0000	13
		_diagnose_butto		CODE           	057F	0000	69

main.c estimated size: 908

